$ /home/ubuntu/venvs/zkduel-table5/bin/python -u benchmarks/field_sweep/triton_sweep.py --workloads zk_complete_add_7 --rounds 28 --bit-widths 256 --warmups 2 --repeats 10 --seed 1 --timing-mode whole-run --challenge-mode fixed --layout element --point-mode specialized --out CAMERA-READY/h100/sweep_fixed/cases_zk_256/zk_complete_add_7_bw256_r28_triton.csv
Traceback (most recent call last):
  File "/home/ubuntu/sumcheck-triton/benchmarks/field_sweep/triton_sweep.py", line 918, in <module>
    raise SystemExit(main())
                     ^^^^^^
  File "/home/ubuntu/sumcheck-triton/benchmarks/field_sweep/triton_sweep.py", line 892, in main
    row = _time_one(
          ^^^^^^^^^^
  File "/home/ubuntu/sumcheck-triton/benchmarks/field_sweep/triton_sweep.py", line 645, in _time_one
    scratch_a = torch.empty_like(tables)
                ^^^^^^^^^^^^^^^^^^^^^^^^
torch.OutOfMemoryError: CUDA out of memory. Tried to allocate 40.00 GiB. GPU 0 has a total capacity of 79.19 GiB of which 38.66 GiB is free. Including non-PyTorch memory, this process has 40.52 GiB memory in use. Of the allocated memory 40.00 GiB is allocated by PyTorch, and 0 bytes is reserved by PyTorch but unallocated. If reserved but unallocated memory is large try setting PYTORCH_CUDA_ALLOC_CONF=expandable_segments:True to avoid fragmentation.  See documentation for Memory Management  (https://docs.pytorch.org/docs/stable/notes/cuda.html#optimizing-memory-usage-with-pytorch-cuda-alloc-conf)
Traceback (most recent call last):
  File "/home/ubuntu/sumcheck-triton/benchmarks/field_sweep/compare_triton_cuda.py", line 252, in <module>
    raise SystemExit(main())
                     ^^^^^^
  File "/home/ubuntu/sumcheck-triton/benchmarks/field_sweep/compare_triton_cuda.py", line 78, in main
    run(
  File "/home/ubuntu/sumcheck-triton/benchmarks/field_sweep/compare_triton_cuda.py", line 22, in run
    subprocess.run(cmd, check=True)
  File "/home/ubuntu/.local/share/uv/python/cpython-3.12.14-linux-x86_64-gnu/lib/python3.12/subprocess.py", line 571, in run
    raise CalledProcessError(retcode, process.args,
subprocess.CalledProcessError: Command '['/home/ubuntu/venvs/zkduel-table5/bin/python', '-u', 'benchmarks/field_sweep/triton_sweep.py', '--workloads', 'zk_complete_add_7', '--rounds', '28', '--bit-widths', '256', '--warmups', '2', '--repeats', '10', '--seed', '1', '--timing-mode', 'whole-run', '--challenge-mode', 'fixed', '--layout', 'element', '--point-mode', 'specialized', '--out', 'CAMERA-READY/h100/sweep_fixed/cases_zk_256/zk_complete_add_7_bw256_r28_triton.csv']' returned non-zero exit status 1.
