zk_spartan_2 256-bit point 1: 37.7s
zk_spartan_2 256-bit point 2: 37.5s
zk_spartan_2 256-bit point 0: 38.5s
zk_spartan_2 32-bit point 0: 0.9s
zk_spartan_2 32-bit point 1: 1.4s
zk_spartan_2 32-bit point 2: 1.3s
zk_witness_id_point_1 32-bit point 0: 1.5s
zk_witness_id_point_1 32-bit point 1: 1.5s
zk_witness_id_point_1 32-bit point 2: 0.9s
zk_witness_id_point_1 32-bit point 3: 1.1s
zk_witness_id_point_1 32-bit point 4: 0.9s
zk_witness_id_point_1 32-bit point 5: 1.0s
zk_complete_add_3 32-bit point 0: 1.6s
zk_complete_add_3 32-bit point 1: 1.2s
zk_complete_add_3 32-bit point 2: 1.3s
zk_complete_add_3 32-bit point 3: 2.0s
zk_complete_add_3 32-bit point 4: 1.3s
zk_complete_add_3 32-bit point 5: 1.4s
zk_complete_add_3 32-bit point 6: 1.2s
zk_vanilla_permcheck_hp 32-bit point 0: 1.7s
zk_vanilla_permcheck_hp 32-bit point 1: 1.6s
zk_vanilla_permcheck_hp 32-bit point 2: 1.9s
zk_vanilla_permcheck_hp 32-bit point 3: 2.2s
zk_vanilla_permcheck_hp 32-bit point 4: 1.8s
zk_vanilla_permcheck_hp 32-bit point 5: 1.9s
zk_opencheck 32-bit point 0: 1.6s
zk_opencheck 32-bit point 1: 1.6s
zk_opencheck 32-bit point 2: 1.5s
zk_spartan_2 256-bit point 0: 9.4s
zk_spartan_2 256-bit point 1: 7.6s
zk_spartan_2 256-bit point 2: 22.8s
zk_witness_id_point_1 256-bit point 0: 60.3s
zk_witness_id_point_1 256-bit point 1: 63.9s
zk_witness_id_point_1 256-bit point 0: 288.8s
zk_witness_id_point_1 256-bit point 4: 289.9s
zk_witness_id_point_1 256-bit point 1: 291.5s
zk_witness_id_point_1 256-bit point 2: 295.2s
zk_witness_id_point_1 256-bit point 3: 294.9s
zk_witness_id_point_1 256-bit point 5: 303.8s
zk_witness_id_point_1 256-bit point 2: 175.3s
zk_witness_id_point_1 256-bit point 3: 202.5s
zk_witness_id_point_1 256-bit point 4: 224.1s
zk_witness_id_point_1 256-bit point 5: 244.6s
zk_complete_add_3 256-bit point 1: 378.6s
zk_complete_add_3 256-bit point 0: 386.5s
zk_vanilla_permcheck_hp 256-bit point 0: 406.6s
zk_vanilla_permcheck_hp 256-bit point 1: 417.1s
zk_complete_add_3 256-bit point 2: 1084.1s
zk_opencheck 256-bit point 1: 1496.1s
zk_opencheck 256-bit point 0: 1515.2s
zk_complete_add_3 256-bit point 3: 1228.4s
zk_opencheck 256-bit point 2: 1532.9s
zk_spartan_2 32-bit point 0: 1.0s
zk_spartan_2 32-bit point 1: 0.8s
zk_spartan_2 32-bit point 2: 0.7s
zk_witness_id_point_1 32-bit point 0: 0.8s
zk_witness_id_point_1 32-bit point 1: 0.8s
zk_witness_id_point_1 32-bit point 2: 0.8s
zk_witness_id_point_1 32-bit point 3: 0.8s
zk_witness_id_point_1 32-bit point 4: 0.9s
zk_witness_id_point_1 32-bit point 5: 0.9s
zk_complete_add_3 32-bit point 0: 0.9s
zk_complete_add_3 32-bit point 1: 0.9s
zk_complete_add_3 32-bit point 2: 1.1s
zk_complete_add_3 32-bit point 3: 1.1s
zk_complete_add_3 32-bit point 4: 1.2s
zk_complete_add_3 32-bit point 5: 1.3s
zk_complete_add_3 32-bit point 6: 1.3s
zk_vanilla_permcheck_hp 32-bit point 0: 1.0s
zk_vanilla_permcheck_hp 32-bit point 1: 1.0s
zk_vanilla_permcheck_hp 32-bit point 2: 1.5s
zk_vanilla_permcheck_hp 32-bit point 3: 1.8s
zk_vanilla_permcheck_hp 32-bit point 4: 1.9s
zk_vanilla_permcheck_hp 32-bit point 5: 2.1s
zk_opencheck 32-bit point 0: 0.9s
zk_opencheck 32-bit point 1: 0.9s
zk_opencheck 32-bit point 2: 1.4s
zk_complete_add_3 256-bit point 6: 1669.8s
zk_complete_add_3 256-bit point 1: 1672.7s
zk_complete_add_3 256-bit point 0: 1678.1s
zk_opencheck 256-bit point 0: 182.1s
zk_spartan_2 256-bit point 0: 35.4s
zk_complete_add_3 256-bit point 3: 1694.9s
zk_complete_add_3 256-bit point 4: 1359.4s
zk_opencheck 256-bit point 1: 182.7s
zk_spartan_2 256-bit point 1: 35.8s
zk_spartan_2 256-bit point 2: 36.1s
zk_complete_add_3 256-bit point 2: 1711.9s
zk_complete_add_3 256-bit point 5: 1723.2s
zk_complete_add_3 256-bit point 4: 1739.1s
zk_complete_add_3 256-bit point 5: 1489.6s
zk_witness_id_point_1 256-bit point 1: 292.3s
zk_witness_id_point_1 256-bit point 0: 306.2s
zk_witness_id_point_1 256-bit point 2: 299.5s
zk_witness_id_point_1 256-bit point 3: 294.5s
zk_witness_id_point_1 256-bit point 4: 297.7s
zk_witness_id_point_1 256-bit point 5: 298.2s
zk_vanilla_permcheck_hp 256-bit point 2: 1354.0s
zk_complete_add_3 256-bit point 6: 1598.8s
zk_opencheck 256-bit point 2: 779.2s
zk_vanilla_permcheck_hp 256-bit point 2: 2460.8s
zk_vanilla_permcheck_hp 256-bit point 1: 2475.8s
zk_spartan_2 32-bit point 0: 0.8s
zk_vanilla_permcheck_hp 256-bit point 5: 2481.7s
zk_spartan_2 32-bit point 1: 0.8s
zk_vanilla_permcheck_hp 256-bit point 4: 2482.3s
zk_spartan_2 32-bit point 2: 0.8s
zk_witness_id_point_1 32-bit point 0: 0.9s
zk_witness_id_point_1 32-bit point 1: 1.4s
zk_witness_id_point_1 32-bit point 2: 1.0s
zk_witness_id_point_1 32-bit point 3: 1.0s
zk_witness_id_point_1 32-bit point 4: 1.4s
zk_witness_id_point_1 32-bit point 5: 0.9s
zk_complete_add_3 32-bit point 0: 2.0s
zk_complete_add_3 32-bit point 1: 2.0s
zk_complete_add_3 32-bit point 2: 1.7s
zk_complete_add_3 32-bit point 3: 1.3s
zk_complete_add_3 32-bit point 4: 1.2s
zk_complete_add_3 32-bit point 5: 2.0s
zk_complete_add_3 32-bit point 6: 1.3s
zk_vanilla_permcheck_hp 32-bit point 0: 1.9s
zk_vanilla_permcheck_hp 256-bit point 0: 2503.5s
zk_vanilla_permcheck_hp 32-bit point 1: 1.9s
zk_vanilla_permcheck_hp 32-bit point 2: 2.7s
zk_vanilla_permcheck_hp 32-bit point 3: 1.8s
zk_vanilla_permcheck_hp 32-bit point 4: 2.1s
zk_vanilla_permcheck_hp 32-bit point 5: 2.8s
zk_opencheck 32-bit point 1: 1.5s
zk_opencheck 32-bit point 0: 1.6s
zk_vanilla_permcheck_hp 256-bit point 3: 2510.6s
zk_opencheck 32-bit point 2: 1.9s
zk_vanilla_permcheck_hp 256-bit point 3: 1592.2s
zk_vanilla_permcheck_hp 256-bit point 4: 1821.1s
zk_complete_add_3 256-bit point 0: 1617.8s
zk_complete_add_3 256-bit point 2: 1637.1s
zk_complete_add_3 256-bit point 1: 1666.3s
zk_complete_add_3 256-bit point 3: 1671.3s
zk_complete_add_3 256-bit point 4: 1658.8s
zk_vanilla_permcheck_hp 256-bit point 5: 2022.5s
zk_complete_add_3 256-bit point 5: 1645.9s
zk_opencheck 256-bit point 0: 1511.4s
zk_complete_add_3 256-bit point 6: 1656.3s
zk_opencheck 256-bit point 1: 1493.8s
zk_opencheck 256-bit point 2: 1516.2s
zk_vanilla_permcheck_hp 256-bit point 0: 2403.4s
zk_vanilla_permcheck_hp 256-bit point 2: 2434.4s
zk_vanilla_permcheck_hp 256-bit point 1: 2440.0s
zk_vanilla_permcheck_hp 256-bit point 4: 2440.6s
zk_vanilla_permcheck_hp 256-bit point 3: 2462.9s
zk_vanilla_permcheck_hp 256-bit point 5: 2478.2s
