zk_complete_add_6 256-bit point 1: 0.4s
zk_complete_add_6 256-bit point 0: 0.4s
zk_complete_add_4 256-bit point 3: 0.4s
zk_complete_add_6 256-bit point 5: 0.7s
zk_complete_add_4 256-bit point 0: 0.7s
zk_incomplete_add_1 256-bit point 3: 0.7s
zk_complete_add_4 256-bit point 1: 0.7s
zk_complete_add_4 256-bit point 4: 0.7s
zk_complete_add_4 256-bit point 2: 0.4s
zk_complete_add_3 256-bit point 0: 0.7s
zk_incomplete_add_1 256-bit point 4: 0.7s
zk_incomplete_add_1 256-bit point 1: 0.8s
zk_complete_add_3 256-bit point 2: 0.7s
zk_incomplete_add_1 256-bit point 0: 0.7s
zk_complete_add_6 256-bit point 3: 0.7s
zk_incomplete_add_1 256-bit point 2: 0.7s
zk_complete_add_4 256-bit point 6: 0.7s
zk_complete_add_4 256-bit point 5: 0.7s
zk_complete_add_3 256-bit point 1: 0.7s
zk_complete_add_6 256-bit point 2: 0.7s
zk_complete_add_6 256-bit point 4: 0.7s
zk_complete_add_6 256-bit point 6: 0.7s
zk_complete_add_3 256-bit point 5: 0.9s
zk_complete_add_3 256-bit point 6: 1.1s
zk_complete_add_3 256-bit point 4: 1.1s
zk_complete_add_3 256-bit point 3: 1.3s
zk_complete_add_5 256-bit point 0: 0.7s
zk_complete_add_5 256-bit point 1: 0.8s
zk_complete_add_5 256-bit point 4: 0.7s
zk_complete_add_5 256-bit point 2: 0.8s
zk_complete_add_5 256-bit point 3: 0.5s
zk_complete_add_5 256-bit point 5: 0.8s
zk_incomplete_add_2 256-bit point 0: 0.8s
zk_complete_add_5 256-bit point 6: 0.8s
zk_incomplete_add_2 256-bit point 2: 0.7s
zk_incomplete_add_2 256-bit point 1: 0.7s
zk_incomplete_add_2 256-bit point 3: 0.5s
zk_complete_add_2 256-bit point 0: 0.7s
zk_complete_add_1 256-bit point 1: 0.7s
zk_complete_add_1 256-bit point 4: 0.7s
zk_complete_add_2 256-bit point 1: 0.7s
zk_complete_add_1 256-bit point 0: 0.7s
zk_complete_add_1 256-bit point 2: 0.7s
zk_complete_add_1 256-bit point 3: 0.7s
zk_complete_add_2 256-bit point 2: 0.8s
zk_complete_add_2 256-bit point 3: 0.7s
zk_complete_add_2 256-bit point 4: 0.9s
zk_complete_add_11 256-bit point 0: 0.6s
zk_complete_add_11 256-bit point 1: 0.8s
zk_complete_add_2 256-bit point 5: 0.8s
zk_complete_add_11 256-bit point 2: 0.7s
zk_complete_add_11 256-bit point 3: 0.7s
zk_complete_add_11 256-bit point 4: 0.8s
zk_complete_add_12 256-bit point 0: 0.8s
zk_complete_add_12 256-bit point 4: 0.8s
zk_complete_add_12 256-bit point 1: 0.8s
zk_vanilla_zerocheck_hp 256-bit point 2: 0.4s
zk_complete_add_12 256-bit point 2: 0.8s
zk_complete_add_12 256-bit point 3: 0.8s
zk_vanilla_zerocheck_hp 256-bit point 0: 0.7s
zk_vanilla_zerocheck_hp 256-bit point 4: 0.5s
zk_vanilla_zerocheck_hp 256-bit point 3: 0.4s
zk_jellyfish_permcheck_hp 256-bit point 0: 0.8s
zk_vanilla_zerocheck_hp 256-bit point 1: 0.8s
zk_jellyfish_permcheck_hp 256-bit point 4: 0.7s
zk_jellyfish_permcheck_hp 256-bit point 1: 0.7s
zk_jellyfish_permcheck_hp 256-bit point 2: 0.7s
zk_jellyfish_permcheck_hp 256-bit point 3: 0.7s
zk_jellyfish_permcheck_hp 256-bit point 5: 0.7s
zk_jellyfish_permcheck_hp 256-bit point 7: 1.0s
zk_jellyfish_permcheck_hp 256-bit point 6: 0.5s
zk_opencheck 256-bit point 0: 0.9s
zk_opencheck 256-bit point 2: 0.5s
zk_vanilla_permcheck_hp 256-bit point 2: 0.4s
zk_opencheck 256-bit point 1: 0.7s
zk_vanilla_permcheck_hp 256-bit point 0: 0.8s
zk_vanilla_permcheck_hp 256-bit point 3: 0.7s
zk_vanilla_permcheck_hp 256-bit point 1: 0.7s
zk_vanilla_permcheck_hp 256-bit point 5: 0.8s
zk_vanilla_permcheck_hp 256-bit point 4: 0.8s
zk_complete_add_7 256-bit point 0: 0.7s
zk_complete_add_7 256-bit point 1: 0.7s
zk_complete_add_8 256-bit point 1: 0.4s
zk_complete_add_8 256-bit point 4: 0.5s
zk_complete_add_8 256-bit point 3: 0.7s
zk_complete_add_7 256-bit point 4: 0.7s
zk_complete_add_7 256-bit point 3: 0.7s
zk_complete_add_8 256-bit point 0: 0.7s
zk_complete_add_7 256-bit point 2: 0.8s
zk_complete_add_8 256-bit point 2: 0.7s
zk_complete_add_9 256-bit point 0: 0.8s
zk_complete_add_9 256-bit point 1: 0.6s
zk_complete_add_9 256-bit point 2: 0.8s
zk_complete_add_9 256-bit point 3: 0.8s
zk_complete_add_10 256-bit point 1: 0.9s
zk_complete_add_10 256-bit point 0: 0.9s
zk_complete_add_10 256-bit point 2: 0.7s
zk_complete_add_10 256-bit point 3: 0.9s
zk_complete_add_9 256-bit point 4: 0.8s
zk_complete_add_10 256-bit point 4: 0.7s
zk_witness_id_point_1 256-bit point 1: 0.8s
zk_witness_id_point_1 256-bit point 0: 0.7s
zk_witness_id_point_1 256-bit point 2: 0.9s
zk_witness_id_point_1 256-bit point 3: 0.7s
zk_witness_id_point_1 256-bit point 4: 0.7s
zk_witness_id_point_1 256-bit point 5: 0.8s
zk_witness_id_point_2 256-bit point 4: 0.8s
zk_witness_id_point_2 256-bit point 0: 0.7s
zk_witness_id_point_2 256-bit point 3: 0.7s
zk_witness_id_point_2 256-bit point 2: 0.7s
zk_witness_non_id 256-bit point 0: 0.7s
zk_witness_id_point_2 256-bit point 5: 0.7s
zk_witness_id_point_2 256-bit point 1: 0.7s
zk_witness_non_id 256-bit point 2: 0.8s
zk_witness_non_id 256-bit point 1: 0.8s
zk_verifiable_asics 256-bit point 0: 0.8s
zk_witness_non_id 256-bit point 3: 0.9s
zk_witness_non_id 256-bit point 4: 0.8s
zk_verifiable_asics 256-bit point 1: 0.7s
zk_verifiable_asics 256-bit point 2: 0.5s
zk_verifiable_asics 256-bit point 3: 0.8s
zk_spartan_1 256-bit point 2: 0.7s
zk_spartan_1 256-bit point 1: 0.8s
zk_spartan_1 256-bit point 0: 0.7s
zk_spartan_2 256-bit point 1: 0.8s
zk_spartan_1 256-bit point 3: 0.6s
zk_spartan_2 256-bit point 0: 0.8s
zk_jellyfish_zerocheck_hp 128-bit point 0: 0.7s
zk_jellyfish_zerocheck_hp 128-bit point 1: 0.7s
zk_spartan_2 256-bit point 2: 0.7s
zk_jellyfish_zerocheck_hp 128-bit point 4: 0.7s
zk_jellyfish_zerocheck_hp 128-bit point 2: 0.7s
zk_jellyfish_zerocheck_hp 128-bit point 3: 0.8s
zk_jellyfish_zerocheck_hp 128-bit point 6: 0.8s
zk_jellyfish_zerocheck_hp 128-bit point 5: 0.6s
zk_incomplete_add_1 128-bit point 0: 0.9s
zk_jellyfish_zerocheck_hp 128-bit point 7: 0.9s
zk_incomplete_add_1 128-bit point 1: 0.9s
zk_incomplete_add_1 128-bit point 3: 0.7s
zk_incomplete_add_1 128-bit point 2: 0.8s
zk_complete_add_4 128-bit point 4: 0.7s
zk_complete_add_4 128-bit point 1: 0.7s
zk_complete_add_4 128-bit point 3: 0.8s
zk_incomplete_add_1 128-bit point 4: 0.8s
zk_complete_add_4 128-bit point 0: 0.8s
zk_complete_add_4 128-bit point 2: 0.7s
zk_complete_add_4 128-bit point 5: 0.8s
zk_complete_add_6 128-bit point 0: 0.7s
zk_complete_add_4 128-bit point 6: 0.7s
zk_complete_add_6 128-bit point 1: 0.7s
zk_complete_add_6 128-bit point 2: 0.7s
zk_complete_add_6 128-bit point 5: 0.7s
zk_complete_add_6 128-bit point 3: 0.7s
zk_complete_add_6 128-bit point 6: 0.5s
zk_complete_add_3 128-bit point 0: 0.5s
zk_complete_add_6 128-bit point 4: 0.7s
zk_complete_add_3 128-bit point 1: 0.8s
zk_complete_add_3 128-bit point 2: 0.8s
zk_complete_add_3 128-bit point 3: 0.8s
zk_complete_add_3 128-bit point 4: 0.5s
zk_complete_add_5 128-bit point 0: 0.5s
zk_complete_add_3 128-bit point 6: 0.7s
zk_complete_add_5 128-bit point 1: 0.7s
zk_complete_add_3 128-bit point 5: 0.8s
zk_complete_add_5 128-bit point 3: 0.8s
zk_complete_add_5 128-bit point 2: 0.5s
zk_complete_add_5 128-bit point 4: 0.5s
zk_complete_add_5 128-bit point 5: 0.8s
zk_complete_add_5 128-bit point 6: 0.7s
zk_incomplete_add_2 128-bit point 0: 0.8s
zk_incomplete_add_2 128-bit point 1: 0.8s
zk_incomplete_add_2 128-bit point 3: 0.7s
zk_incomplete_add_2 128-bit point 2: 0.7s
zk_complete_add_1 128-bit point 0: 0.7s
zk_complete_add_1 128-bit point 2: 0.7s
zk_complete_add_1 128-bit point 4: 0.4s
zk_complete_add_1 128-bit point 3: 0.8s
zk_complete_add_1 128-bit point 1: 0.8s
zk_complete_add_2 128-bit point 0: 1.0s
zk_complete_add_2 128-bit point 1: 0.9s
zk_complete_add_2 128-bit point 3: 0.7s
zk_complete_add_11 128-bit point 0: 0.5s
zk_complete_add_2 128-bit point 4: 0.7s
zk_complete_add_12 128-bit point 1: 0.5s
zk_complete_add_11 128-bit point 1: 0.7s
zk_complete_add_2 128-bit point 2: 0.7s
zk_complete_add_2 128-bit point 5: 0.7s
zk_complete_add_12 128-bit point 0: 0.7s
zk_complete_add_11 128-bit point 4: 0.7s
zk_complete_add_11 128-bit point 2: 0.7s
zk_complete_add_11 128-bit point 3: 0.7s
zk_complete_add_12 128-bit point 3: 0.5s
zk_complete_add_12 128-bit point 2: 0.7s
zk_complete_add_12 128-bit point 4: 0.9s
zk_vanilla_zerocheck_hp 128-bit point 2: 0.6s
zk_vanilla_zerocheck_hp 128-bit point 0: 0.5s
zk_vanilla_zerocheck_hp 128-bit point 1: 0.7s
zk_jellyfish_permcheck_hp 128-bit point 0: 0.8s
zk_vanilla_zerocheck_hp 128-bit point 3: 0.7s
zk_vanilla_zerocheck_hp 128-bit point 4: 0.7s
zk_jellyfish_permcheck_hp 128-bit point 1: 0.7s
zk_jellyfish_permcheck_hp 128-bit point 2: 0.5s
zk_jellyfish_permcheck_hp 128-bit point 3: 0.8s
zk_jellyfish_permcheck_hp 128-bit point 4: 0.7s
zk_opencheck 128-bit point 2: 0.8s
zk_jellyfish_permcheck_hp 128-bit point 7: 0.7s
zk_opencheck 128-bit point 1: 0.7s
zk_jellyfish_permcheck_hp 128-bit point 5: 0.8s
zk_vanilla_permcheck_hp 128-bit point 1: 0.7s
zk_jellyfish_permcheck_hp 128-bit point 6: 0.7s
zk_vanilla_permcheck_hp 128-bit point 0: 0.7s
zk_vanilla_permcheck_hp 128-bit point 2: 0.7s
zk_vanilla_permcheck_hp 128-bit point 4: 0.5s
zk_vanilla_permcheck_hp 128-bit point 3: 0.7s
zk_opencheck 128-bit point 0: 0.8s
zk_vanilla_permcheck_hp 128-bit point 5: 1.0s
zk_complete_add_7 128-bit point 0: 0.6s
zk_complete_add_7 128-bit point 2: 0.5s
zk_complete_add_7 128-bit point 1: 0.7s
zk_complete_add_7 128-bit point 4: 0.7s
zk_complete_add_7 128-bit point 3: 0.7s
zk_complete_add_8 128-bit point 1: 0.7s
zk_complete_add_8 128-bit point 2: 0.7s
zk_complete_add_8 128-bit point 0: 0.8s
zk_complete_add_8 128-bit point 3: 0.7s
zk_complete_add_9 128-bit point 2: 0.8s
zk_complete_add_8 128-bit point 4: 0.7s
zk_complete_add_9 128-bit point 1: 0.7s
zk_complete_add_9 128-bit point 0: 0.7s
zk_complete_add_9 128-bit point 3: 0.7s
zk_complete_add_10 128-bit point 0: 0.7s
zk_complete_add_10 128-bit point 1: 0.7s
zk_complete_add_9 128-bit point 4: 0.7s
zk_complete_add_10 128-bit point 4: 0.7s
zk_witness_id_point_1 128-bit point 0: 0.7s
zk_complete_add_10 128-bit point 2: 0.7s
zk_complete_add_10 128-bit point 3: 0.7s
zk_witness_id_point_1 128-bit point 1: 0.8s
zk_witness_id_point_1 128-bit point 2: 0.8s
zk_witness_id_point_1 128-bit point 4: 0.5s
zk_witness_id_point_1 128-bit point 3: 0.7s
zk_witness_id_point_2 128-bit point 2: 0.7s
zk_witness_id_point_2 128-bit point 0: 0.7s
zk_witness_id_point_2 128-bit point 1: 0.7s
zk_witness_id_point_2 128-bit point 5: 0.5s
zk_witness_id_point_1 128-bit point 5: 0.7s
zk_witness_id_point_2 128-bit point 3: 0.7s
zk_witness_id_point_2 128-bit point 4: 0.7s
zk_witness_non_id 128-bit point 0: 0.8s
zk_witness_non_id 128-bit point 3: 0.5s
zk_verifiable_asics 128-bit point 1: 0.5s
zk_witness_non_id 128-bit point 2: 0.7s
zk_witness_non_id 128-bit point 1: 0.7s
zk_verifiable_asics 128-bit point 0: 0.7s
zk_witness_non_id 128-bit point 4: 0.7s
zk_verifiable_asics 128-bit point 3: 0.7s
zk_spartan_1 128-bit point 1: 0.7s
zk_verifiable_asics 128-bit point 2: 0.7s
zk_spartan_1 128-bit point 0: 0.7s
zk_spartan_1 128-bit point 2: 0.8s
zk_spartan_1 128-bit point 3: 0.7s
zk_jellyfish_zerocheck_hp 64-bit point 0: 0.5s
zk_spartan_2 128-bit point 2: 0.7s
zk_spartan_2 128-bit point 1: 0.7s
zk_jellyfish_zerocheck_hp 64-bit point 2: 0.4s
zk_spartan_2 128-bit point 0: 0.7s
zk_jellyfish_zerocheck_hp 64-bit point 1: 0.7s
zk_jellyfish_zerocheck_hp 64-bit point 4: 0.7s
zk_jellyfish_zerocheck_hp 64-bit point 3: 0.5s
zk_jellyfish_zerocheck_hp 64-bit point 5: 0.7s
zk_jellyfish_zerocheck_hp 64-bit point 6: 0.7s
zk_incomplete_add_1 64-bit point 0: 0.8s
zk_jellyfish_zerocheck_hp 64-bit point 7: 0.7s
zk_incomplete_add_1 64-bit point 1: 0.8s
zk_incomplete_add_1 64-bit point 2: 0.7s
zk_incomplete_add_1 64-bit point 3: 0.7s
zk_incomplete_add_1 64-bit point 4: 0.7s
zk_complete_add_4 64-bit point 0: 0.7s
zk_complete_add_4 64-bit point 2: 0.5s
zk_complete_add_4 64-bit point 1: 0.7s
zk_complete_add_4 64-bit point 3: 0.7s
zk_complete_add_4 64-bit point 4: 0.6s
zk_complete_add_6 64-bit point 2: 0.5s
zk_complete_add_4 64-bit point 5: 0.8s
zk_complete_add_6 64-bit point 1: 0.7s
zk_complete_add_4 64-bit point 6: 0.7s
zk_complete_add_6 64-bit point 0: 0.7s
zk_complete_add_6 64-bit point 5: 0.7s
zk_complete_add_6 64-bit point 6: 0.7s
zk_complete_add_3 64-bit point 0: 0.7s
zk_complete_add_6 64-bit point 3: 0.7s
zk_complete_add_6 64-bit point 4: 0.7s
zk_complete_add_3 64-bit point 1: 0.7s
zk_complete_add_3 64-bit point 2: 0.7s
zk_complete_add_3 64-bit point 6: 0.7s
zk_complete_add_3 64-bit point 3: 0.7s
zk_complete_add_3 64-bit point 4: 0.7s
zk_complete_add_3 64-bit point 5: 0.7s
zk_complete_add_5 64-bit point 2: 0.7s
zk_complete_add_5 64-bit point 0: 0.7s
zk_complete_add_5 64-bit point 4: 0.5s
zk_complete_add_5 64-bit point 1: 0.7s
zk_complete_add_5 64-bit point 3: 0.8s
zk_complete_add_5 64-bit point 5: 0.7s
zk_incomplete_add_2 64-bit point 3: 0.4s
zk_complete_add_5 64-bit point 6: 0.5s
zk_incomplete_add_2 64-bit point 1: 0.7s
zk_complete_add_1 64-bit point 2: 0.7s
zk_incomplete_add_2 64-bit point 0: 0.7s
zk_incomplete_add_2 64-bit point 2: 0.7s
zk_complete_add_2 64-bit point 0: 0.7s
zk_complete_add_1 64-bit point 4: 0.7s
zk_complete_add_2 64-bit point 1: 0.5s
zk_complete_add_1 64-bit point 0: 0.7s
zk_complete_add_1 64-bit point 1: 0.7s
zk_complete_add_1 64-bit point 3: 0.7s
zk_complete_add_2 64-bit point 4: 1.0s
zk_complete_add_2 64-bit point 5: 0.9s
zk_complete_add_2 64-bit point 3: 0.5s
zk_complete_add_11 64-bit point 4: 1.0s
zk_complete_add_2 64-bit point 2: 1.0s
zk_complete_add_11 64-bit point 0: 0.8s
zk_complete_add_11 64-bit point 2: 0.9s
zk_complete_add_11 64-bit point 1: 0.9s
zk_complete_add_12 64-bit point 0: 0.5s
zk_complete_add_11 64-bit point 3: 0.7s
zk_complete_add_12 64-bit point 3: 0.7s
zk_complete_add_12 64-bit point 1: 0.7s
zk_complete_add_12 64-bit point 2: 0.8s
zk_vanilla_zerocheck_hp 64-bit point 0: 0.7s
zk_complete_add_12 64-bit point 4: 0.8s
zk_vanilla_zerocheck_hp 64-bit point 4: 0.4s
zk_vanilla_zerocheck_hp 64-bit point 1: 0.7s
zk_vanilla_zerocheck_hp 64-bit point 2: 0.7s
zk_jellyfish_permcheck_hp 64-bit point 0: 0.7s
zk_jellyfish_permcheck_hp 64-bit point 1: 0.7s
zk_vanilla_zerocheck_hp 64-bit point 3: 0.7s
zk_jellyfish_permcheck_hp 64-bit point 2: 0.7s
zk_jellyfish_permcheck_hp 64-bit point 3: 0.8s
zk_opencheck 64-bit point 1: 0.7s
zk_jellyfish_permcheck_hp 64-bit point 4: 0.7s
zk_jellyfish_permcheck_hp 64-bit point 7: 0.7s
zk_jellyfish_permcheck_hp 64-bit point 5: 0.7s
zk_opencheck 64-bit point 2: 0.5s
zk_jellyfish_permcheck_hp 64-bit point 6: 0.7s
zk_vanilla_permcheck_hp 64-bit point 1: 0.7s
zk_opencheck 64-bit point 0: 0.7s
zk_vanilla_permcheck_hp 64-bit point 0: 0.7s
zk_vanilla_permcheck_hp 64-bit point 4: 0.7s
zk_vanilla_permcheck_hp 64-bit point 2: 0.7s
zk_vanilla_permcheck_hp 64-bit point 5: 0.5s
zk_vanilla_permcheck_hp 64-bit point 3: 0.9s
zk_complete_add_7 64-bit point 0: 0.8s
zk_complete_add_7 64-bit point 4: 0.7s
zk_complete_add_7 64-bit point 2: 0.8s
zk_complete_add_7 64-bit point 1: 0.7s
zk_complete_add_7 64-bit point 3: 0.7s
zk_complete_add_8 64-bit point 0: 0.8s
zk_complete_add_8 64-bit point 1: 0.8s
zk_complete_add_8 64-bit point 2: 0.8s
zk_complete_add_8 64-bit point 3: 0.7s
zk_complete_add_8 64-bit point 4: 0.7s
zk_complete_add_9 64-bit point 0: 0.7s
zk_complete_add_9 64-bit point 1: 0.7s
zk_complete_add_10 64-bit point 2: 0.8s
zk_complete_add_10 64-bit point 0: 0.7s
zk_complete_add_9 64-bit point 3: 0.7s
zk_complete_add_10 64-bit point 1: 0.7s
zk_complete_add_9 64-bit point 2: 0.5s
zk_complete_add_9 64-bit point 4: 0.7s
zk_witness_id_point_1 64-bit point 0: 0.7s
zk_witness_id_point_1 64-bit point 1: 0.7s
zk_complete_add_10 64-bit point 3: 0.9s
zk_complete_add_10 64-bit point 4: 0.5s
zk_witness_id_point_1 64-bit point 2: 0.9s
zk_witness_id_point_1 64-bit point 4: 0.6s
zk_witness_id_point_1 64-bit point 3: 0.8s
zk_witness_id_point_1 64-bit point 5: 0.7s
zk_witness_id_point_2 64-bit point 0: 0.7s
zk_witness_id_point_2 64-bit point 1: 0.7s
zk_witness_id_point_2 64-bit point 2: 0.7s
zk_witness_id_point_2 64-bit point 4: 0.8s
zk_witness_id_point_2 64-bit point 3: 0.8s
zk_witness_non_id 64-bit point 0: 0.8s
zk_witness_non_id 64-bit point 1: 0.8s
zk_verifiable_asics 64-bit point 0: 0.4s
zk_witness_non_id 64-bit point 3: 0.7s
zk_witness_id_point_2 64-bit point 5: 0.7s
zk_witness_non_id 64-bit point 2: 0.7s
zk_verifiable_asics 64-bit point 2: 0.4s
zk_witness_non_id 64-bit point 4: 0.5s
zk_verifiable_asics 64-bit point 1: 0.5s
zk_spartan_1 64-bit point 1: 0.8s
zk_spartan_1 64-bit point 0: 0.8s
zk_verifiable_asics 64-bit point 3: 0.7s
zk_spartan_1 64-bit point 2: 0.8s
zk_spartan_1 64-bit point 3: 0.7s
zk_spartan_2 64-bit point 1: 0.5s
zk_spartan_2 64-bit point 2: 0.8s
zk_spartan_2 64-bit point 0: 0.8s
zk_jellyfish_zerocheck_hp 32-bit point 1: 0.8s
zk_jellyfish_zerocheck_hp 32-bit point 0: 0.7s
zk_jellyfish_zerocheck_hp 32-bit point 2: 0.7s
zk_jellyfish_zerocheck_hp 32-bit point 4: 0.7s
zk_jellyfish_zerocheck_hp 32-bit point 3: 0.7s
zk_jellyfish_zerocheck_hp 32-bit point 6: 0.7s
zk_jellyfish_zerocheck_hp 32-bit point 7: 0.5s
zk_incomplete_add_1 32-bit point 0: 0.7s
zk_jellyfish_zerocheck_hp 32-bit point 5: 0.8s
zk_incomplete_add_1 32-bit point 1: 0.7s
zk_incomplete_add_1 32-bit point 3: 0.7s
zk_incomplete_add_1 32-bit point 2: 0.8s
zk_incomplete_add_1 32-bit point 4: 0.7s
zk_complete_add_4 32-bit point 0: 0.8s
zk_complete_add_4 32-bit point 2: 0.8s
zk_complete_add_4 32-bit point 3: 0.8s
zk_complete_add_4 32-bit point 1: 0.8s
zk_complete_add_4 32-bit point 4: 0.8s
zk_complete_add_6 32-bit point 2: 0.8s
zk_complete_add_4 32-bit point 5: 0.7s
zk_complete_add_6 32-bit point 1: 0.7s
zk_complete_add_6 32-bit point 0: 0.5s
zk_complete_add_4 32-bit point 6: 0.7s
zk_complete_add_6 32-bit point 4: 0.8s
zk_complete_add_6 32-bit point 3: 0.8s
zk_complete_add_6 32-bit point 6: 0.7s
zk_complete_add_6 32-bit point 5: 0.7s
zk_complete_add_3 32-bit point 0: 0.7s
zk_complete_add_3 32-bit point 1: 0.8s
zk_complete_add_3 32-bit point 2: 0.7s
zk_complete_add_3 32-bit point 4: 0.7s
zk_complete_add_3 32-bit point 5: 0.7s
zk_complete_add_3 32-bit point 6: 0.7s
zk_complete_add_3 32-bit point 3: 0.7s
zk_complete_add_5 32-bit point 0: 0.7s
zk_complete_add_5 32-bit point 2: 0.4s
zk_complete_add_5 32-bit point 3: 0.7s
zk_complete_add_5 32-bit point 1: 0.7s
zk_complete_add_5 32-bit point 4: 0.8s
zk_complete_add_5 32-bit point 6: 0.6s
zk_incomplete_add_2 32-bit point 1: 0.7s
zk_incomplete_add_2 32-bit point 0: 0.7s
zk_incomplete_add_2 32-bit point 2: 0.7s
zk_incomplete_add_2 32-bit point 3: 0.7s
zk_complete_add_5 32-bit point 5: 0.8s
zk_complete_add_1 32-bit point 0: 0.8s
zk_complete_add_1 32-bit point 4: 0.7s
zk_complete_add_1 32-bit point 2: 0.7s
zk_complete_add_1 32-bit point 1: 0.9s
zk_complete_add_2 32-bit point 1: 0.9s
zk_complete_add_2 32-bit point 0: 0.6s
zk_complete_add_1 32-bit point 3: 0.8s
zk_complete_add_2 32-bit point 2: 0.7s
zk_complete_add_11 32-bit point 0: 0.7s
zk_complete_add_2 32-bit point 4: 0.7s
zk_complete_add_2 32-bit point 5: 0.5s
zk_complete_add_2 32-bit point 3: 0.7s
zk_complete_add_11 32-bit point 2: 0.5s
zk_complete_add_11 32-bit point 1: 0.7s
zk_complete_add_11 32-bit point 4: 0.7s
zk_complete_add_11 32-bit point 3: 0.7s
zk_complete_add_12 32-bit point 1: 0.7s
zk_complete_add_12 32-bit point 0: 0.7s
zk_complete_add_12 32-bit point 2: 0.7s
zk_vanilla_zerocheck_hp 32-bit point 0: 0.7s
zk_complete_add_12 32-bit point 3: 0.5s
zk_complete_add_12 32-bit point 4: 0.7s
zk_vanilla_zerocheck_hp 32-bit point 2: 0.8s
zk_vanilla_zerocheck_hp 32-bit point 1: 0.7s
zk_vanilla_zerocheck_hp 32-bit point 3: 0.7s
zk_jellyfish_permcheck_hp 32-bit point 2: 0.8s
zk_vanilla_zerocheck_hp 32-bit point 4: 0.7s
zk_jellyfish_permcheck_hp 32-bit point 1: 0.7s
zk_jellyfish_permcheck_hp 32-bit point 0: 0.5s
zk_jellyfish_permcheck_hp 32-bit point 5: 0.5s
zk_jellyfish_permcheck_hp 32-bit point 7: 0.8s
zk_jellyfish_permcheck_hp 32-bit point 3: 0.8s
zk_jellyfish_permcheck_hp 32-bit point 4: 0.7s
zk_jellyfish_permcheck_hp 32-bit point 6: 0.8s
zk_opencheck 32-bit point 0: 0.7s
zk_vanilla_permcheck_hp 32-bit point 1: 0.5s
zk_vanilla_permcheck_hp 32-bit point 2: 0.6s
zk_opencheck 32-bit point 1: 0.8s
zk_opencheck 32-bit point 2: 0.4s
zk_vanilla_permcheck_hp 32-bit point 0: 0.7s
zk_vanilla_permcheck_hp 32-bit point 4: 0.5s
zk_vanilla_permcheck_hp 32-bit point 5: 0.7s
zk_vanilla_permcheck_hp 32-bit point 3: 0.7s
zk_complete_add_7 32-bit point 1: 0.8s
zk_complete_add_7 32-bit point 0: 0.8s
zk_complete_add_8 32-bit point 0: 0.8s
zk_complete_add_7 32-bit point 2: 0.5s
zk_complete_add_7 32-bit point 4: 0.5s
zk_complete_add_8 32-bit point 1: 0.8s
zk_complete_add_7 32-bit point 3: 0.7s
zk_complete_add_8 32-bit point 2: 0.8s
zk_complete_add_8 32-bit point 3: 0.8s
zk_complete_add_8 32-bit point 4: 0.7s
zk_complete_add_9 32-bit point 1: 0.7s
zk_complete_add_9 32-bit point 2: 0.7s
zk_complete_add_9 32-bit point 0: 0.7s
zk_complete_add_9 32-bit point 4: 0.7s
zk_complete_add_9 32-bit point 3: 0.8s
zk_complete_add_10 32-bit point 0: 0.7s
zk_complete_add_10 32-bit point 2: 0.7s
zk_complete_add_10 32-bit point 1: 0.7s
zk_complete_add_10 32-bit point 3: 0.5s
zk_witness_id_point_1 32-bit point 0: 0.7s
zk_complete_add_10 32-bit point 4: 0.7s
zk_witness_id_point_1 32-bit point 1: 0.7s
zk_witness_id_point_1 32-bit point 2: 0.6s
zk_witness_id_point_1 32-bit point 5: 0.9s
zk_witness_id_point_1 32-bit point 3: 0.8s
zk_witness_id_point_1 32-bit point 4: 0.8s
zk_witness_id_point_2 32-bit point 1: 0.7s
zk_witness_id_point_2 32-bit point 2: 0.7s
zk_witness_id_point_2 32-bit point 0: 0.5s
zk_witness_id_point_2 32-bit point 3: 0.7s
zk_witness_id_point_2 32-bit point 4: 0.7s
zk_witness_non_id 32-bit point 0: 0.5s
zk_witness_non_id 32-bit point 1: 0.7s
zk_witness_id_point_2 32-bit point 5: 0.7s
zk_witness_non_id 32-bit point 2: 0.4s
zk_witness_non_id 32-bit point 3: 0.7s
zk_witness_non_id 32-bit point 4: 0.7s
zk_verifiable_asics 32-bit point 3: 0.7s
zk_verifiable_asics 32-bit point 0: 0.7s
zk_verifiable_asics 32-bit point 1: 0.7s
zk_verifiable_asics 32-bit point 2: 0.8s
zk_spartan_1 32-bit point 0: 0.7s
zk_spartan_1 32-bit point 1: 0.7s
zk_spartan_1 32-bit point 2: 0.5s
zk_spartan_1 32-bit point 3: 0.5s
zk_spartan_2 32-bit point 0: 0.7s
zk_spartan_2 32-bit point 1: 0.7s
zk_spartan_2 32-bit point 2: 0.7s
PRECOMPILE_TREDUCE_DONE
