zk_spartan_1 128-bit point 2: 0.4s
zk_spartan_2 128-bit point 0: 0.5s
zk_spartan_2 128-bit point 1: 0.7s
zk_spartan_1 128-bit point 3: 0.7s
zk_spartan_2 128-bit point 2: 0.8s
zk_spartan_1 128-bit point 1: 0.8s
zk_verifiable_asics 128-bit point 3: 0.5s
zk_spartan_1 128-bit point 0: 0.7s
zk_verifiable_asics 128-bit point 1: 0.4s
zk_verifiable_asics 128-bit point 2: 0.7s
zk_verifiable_asics 128-bit point 0: 0.5s
zk_witness_non_id 128-bit point 4: 0.4s
zk_witness_non_id 128-bit point 1: 0.8s
zk_witness_non_id 128-bit point 0: 0.4s
zk_witness_non_id 128-bit point 2: 0.7s
zk_witness_non_id 128-bit point 3: 0.7s
zk_witness_id_point_2 128-bit point 5: 0.4s
zk_witness_id_point_2 128-bit point 0: 0.5s
zk_witness_id_point_2 128-bit point 4: 0.7s
zk_witness_id_point_2 128-bit point 1: 0.5s
zk_witness_id_point_2 128-bit point 3: 0.5s
zk_witness_id_point_2 128-bit point 2: 0.7s
zk_witness_id_point_1 128-bit point 4: 0.4s
zk_witness_id_point_1 128-bit point 5: 0.4s
zk_witness_id_point_1 128-bit point 2: 0.4s
zk_witness_id_point_1 128-bit point 3: 0.7s
zk_witness_id_point_1 128-bit point 1: 0.7s
zk_witness_id_point_1 128-bit point 0: 0.5s
zk_complete_add_10 128-bit point 4: 0.4s
zk_complete_add_10 128-bit point 3: 0.4s
zk_complete_add_10 128-bit point 2: 0.5s
zk_complete_add_10 128-bit point 1: 0.4s
zk_complete_add_10 128-bit point 0: 0.7s
zk_complete_add_9 128-bit point 3: 0.4s
zk_complete_add_9 128-bit point 4: 0.7s
zk_complete_add_9 128-bit point 2: 0.4s
zk_complete_add_9 128-bit point 1: 0.4s
zk_complete_add_9 128-bit point 0: 0.5s
zk_complete_add_8 128-bit point 4: 0.4s
zk_complete_add_8 128-bit point 3: 0.4s
zk_complete_add_8 128-bit point 2: 0.4s
zk_complete_add_8 128-bit point 1: 0.4s
zk_complete_add_8 128-bit point 0: 0.4s
zk_complete_add_7 128-bit point 4: 0.4s
zk_complete_add_7 128-bit point 3: 0.4s
zk_complete_add_7 128-bit point 1: 0.5s
zk_complete_add_7 128-bit point 2: 0.6s
zk_complete_add_7 128-bit point 0: 0.4s
zk_vanilla_permcheck_hp 128-bit point 5: 0.5s
zk_vanilla_permcheck_hp 128-bit point 4: 0.5s
zk_vanilla_permcheck_hp 128-bit point 2: 0.4s
zk_vanilla_permcheck_hp 128-bit point 3: 0.4s
zk_vanilla_permcheck_hp 128-bit point 1: 0.4s
zk_opencheck 128-bit point 2: 0.5s
zk_vanilla_permcheck_hp 128-bit point 0: 0.7s
zk_opencheck 128-bit point 1: 0.6s
zk_jellyfish_permcheck_hp 128-bit point 7: 0.4s
zk_opencheck 128-bit point 0: 0.5s
zk_jellyfish_permcheck_hp 128-bit point 5: 0.6s
zk_jellyfish_permcheck_hp 128-bit point 6: 0.6s
zk_jellyfish_permcheck_hp 128-bit point 4: 0.4s
zk_jellyfish_permcheck_hp 128-bit point 2: 0.4s
zk_jellyfish_permcheck_hp 128-bit point 3: 0.4s
zk_jellyfish_permcheck_hp 128-bit point 1: 0.5s
zk_jellyfish_permcheck_hp 128-bit point 0: 0.5s
zk_vanilla_zerocheck_hp 128-bit point 4: 0.4s
zk_vanilla_zerocheck_hp 128-bit point 3: 0.5s
zk_vanilla_zerocheck_hp 128-bit point 2: 0.4s
zk_vanilla_zerocheck_hp 128-bit point 1: 0.5s
zk_vanilla_zerocheck_hp 128-bit point 0: 0.5s
zk_complete_add_12 128-bit point 4: 0.4s
zk_complete_add_12 128-bit point 3: 0.5s
zk_complete_add_12 128-bit point 2: 0.4s
zk_complete_add_12 128-bit point 0: 0.4s
zk_complete_add_12 128-bit point 1: 0.5s
zk_complete_add_11 128-bit point 4: 0.4s
zk_complete_add_11 128-bit point 3: 0.5s
zk_complete_add_11 128-bit point 2: 0.6s
zk_complete_add_11 128-bit point 0: 0.4s
zk_complete_add_11 128-bit point 1: 0.4s
zk_complete_add_2 128-bit point 5: 0.4s
zk_complete_add_2 128-bit point 3: 0.5s
zk_complete_add_2 128-bit point 4: 0.8s
zk_complete_add_2 128-bit point 1: 0.5s
zk_complete_add_2 128-bit point 2: 0.5s
zk_complete_add_1 128-bit point 4: 0.4s
zk_complete_add_2 128-bit point 0: 0.7s
zk_complete_add_1 128-bit point 3: 0.4s
zk_complete_add_1 128-bit point 2: 0.4s
zk_complete_add_1 128-bit point 1: 0.5s
zk_complete_add_1 128-bit point 0: 0.6s
zk_incomplete_add_2 128-bit point 3: 0.5s
zk_incomplete_add_2 128-bit point 2: 0.5s
zk_incomplete_add_2 128-bit point 1: 0.6s
zk_incomplete_add_2 128-bit point 0: 0.4s
zk_complete_add_5 128-bit point 6: 0.5s
zk_complete_add_5 128-bit point 4: 0.4s
zk_complete_add_5 128-bit point 5: 0.5s
zk_complete_add_5 128-bit point 3: 0.4s
zk_complete_add_5 128-bit point 2: 0.8s
zk_complete_add_3 128-bit point 6: 0.5s
zk_complete_add_5 128-bit point 0: 0.6s
zk_complete_add_3 128-bit point 5: 0.4s
zk_complete_add_5 128-bit point 1: 0.7s
zk_complete_add_3 128-bit point 4: 0.5s
zk_complete_add_3 128-bit point 3: 0.4s
zk_complete_add_3 128-bit point 2: 0.5s
zk_complete_add_3 128-bit point 0: 0.4s
zk_complete_add_3 128-bit point 1: 0.7s
zk_complete_add_6 128-bit point 6: 0.5s
zk_complete_add_6 128-bit point 5: 0.5s
zk_complete_add_6 128-bit point 4: 0.4s
zk_complete_add_6 128-bit point 2: 0.5s
zk_complete_add_6 128-bit point 3: 0.5s
zk_complete_add_6 128-bit point 1: 0.7s
zk_complete_add_6 128-bit point 0: 0.6s
zk_complete_add_4 128-bit point 6: 0.5s
zk_complete_add_4 128-bit point 5: 0.5s
zk_complete_add_4 128-bit point 4: 0.5s
zk_complete_add_4 128-bit point 3: 0.7s
zk_complete_add_4 128-bit point 2: 0.5s
zk_complete_add_4 128-bit point 1: 0.6s
zk_incomplete_add_1 128-bit point 4: 0.5s
zk_complete_add_4 128-bit point 0: 0.8s
zk_incomplete_add_1 128-bit point 3: 0.5s
zk_incomplete_add_1 128-bit point 1: 0.4s
zk_incomplete_add_1 128-bit point 2: 0.6s
zk_incomplete_add_1 128-bit point 0: 0.5s
zk_spartan_2 256-bit point 2: 0.4s
zk_spartan_2 256-bit point 1: 0.5s
zk_spartan_1 256-bit point 3: 0.4s
zk_spartan_2 256-bit point 0: 0.5s
zk_spartan_1 256-bit point 2: 0.5s
zk_spartan_1 256-bit point 1: 0.5s
zk_spartan_1 256-bit point 0: 0.4s
zk_verifiable_asics 256-bit point 2: 0.4s
zk_verifiable_asics 256-bit point 3: 0.4s
zk_verifiable_asics 256-bit point 1: 0.4s
zk_verifiable_asics 256-bit point 0: 0.4s
zk_witness_non_id 256-bit point 4: 0.4s
zk_witness_non_id 256-bit point 2: 0.4s
zk_witness_non_id 256-bit point 3: 0.5s
zk_witness_non_id 256-bit point 1: 0.5s
zk_witness_non_id 256-bit point 0: 0.4s
zk_witness_id_point_2 256-bit point 5: 0.5s
zk_witness_id_point_2 256-bit point 4: 0.4s
zk_witness_id_point_2 256-bit point 3: 0.4s
zk_witness_id_point_2 256-bit point 2: 0.4s
zk_witness_id_point_2 256-bit point 1: 0.4s
zk_witness_id_point_2 256-bit point 0: 0.4s
zk_witness_id_point_1 256-bit point 5: 0.4s
zk_witness_id_point_1 256-bit point 4: 0.4s
zk_witness_id_point_1 256-bit point 3: 0.4s
zk_witness_id_point_1 256-bit point 2: 0.4s
zk_witness_id_point_1 256-bit point 1: 0.5s
zk_witness_id_point_1 256-bit point 0: 0.4s
zk_complete_add_10 256-bit point 2: 0.6s
zk_complete_add_10 256-bit point 1: 0.5s
zk_complete_add_10 256-bit point 3: 0.5s
zk_complete_add_10 256-bit point 4: 0.7s
zk_complete_add_10 256-bit point 0: 0.7s
zk_complete_add_9 256-bit point 3: 0.5s
zk_complete_add_9 256-bit point 4: 0.5s
zk_complete_add_9 256-bit point 1: 0.7s
zk_complete_add_9 256-bit point 2: 0.7s
zk_complete_add_9 256-bit point 0: 0.4s
zk_complete_add_8 256-bit point 4: 0.4s
zk_complete_add_8 256-bit point 3: 0.4s
zk_complete_add_8 256-bit point 2: 0.5s
zk_complete_add_8 256-bit point 1: 0.6s
zk_complete_add_8 256-bit point 0: 0.6s
zk_complete_add_7 256-bit point 4: 0.4s
zk_complete_add_7 256-bit point 3: 0.4s
zk_complete_add_7 256-bit point 2: 0.4s
zk_complete_add_7 256-bit point 1: 0.5s
zk_complete_add_7 256-bit point 0: 0.4s
zk_vanilla_permcheck_hp 256-bit point 1: 385.1s
zk_vanilla_permcheck_hp 256-bit point 0: 389.3s
zk_vanilla_permcheck_hp 256-bit point 2: 1264.9s
zk_opencheck 256-bit point 1: 0.7s
zk_opencheck 256-bit point 0: 0.7s
zk_vanilla_permcheck_hp 256-bit point 3: 1527.5s
zk_opencheck 256-bit point 2: 773.6s
zk_vanilla_permcheck_hp 256-bit point 4: 1749.7s
zk_vanilla_permcheck_hp 256-bit point 5: 1973.8s
Killed
FAILED zk_jellyfish_permcheck_hp 256 3 rc=137
Killed
FAILED zk_jellyfish_permcheck_hp 256 5 rc=137
Killed
FAILED zk_jellyfish_permcheck_hp 256 4 rc=137
Killed
Killed
FAILED zk_jellyfish_permcheck_hp 256 7 rc=137
FAILED zk_jellyfish_permcheck_hp 256 6 rc=137
zk_vanilla_zerocheck_hp 256-bit point 4: 0.4s
zk_jellyfish_permcheck_hp 256-bit point 0: 0.4s
zk_vanilla_zerocheck_hp 256-bit point 3: 0.5s
zk_jellyfish_permcheck_hp 256-bit point 2: 0.7s
zk_jellyfish_permcheck_hp 256-bit point 1: 0.7s
zk_vanilla_zerocheck_hp 256-bit point 2: 0.7s
zk_vanilla_zerocheck_hp 256-bit point 1: 0.7s
zk_vanilla_zerocheck_hp 256-bit point 0: 0.7s
zk_complete_add_12 256-bit point 3: 0.7s
zk_complete_add_12 256-bit point 4: 0.7s
zk_complete_add_12 256-bit point 1: 0.7s
zk_complete_add_12 256-bit point 2: 0.7s
zk_complete_add_12 256-bit point 0: 0.7s
zk_complete_add_11 256-bit point 4: 0.7s
zk_complete_add_11 256-bit point 3: 0.7s
zk_complete_add_11 256-bit point 2: 0.8s
zk_complete_add_11 256-bit point 1: 0.7s
zk_complete_add_11 256-bit point 0: 0.7s
zk_complete_add_2 256-bit point 5: 0.7s
zk_complete_add_2 256-bit point 4: 0.7s
zk_complete_add_2 256-bit point 3: 0.8s
zk_complete_add_2 256-bit point 2: 0.7s
zk_complete_add_2 256-bit point 1: 0.7s
zk_complete_add_2 256-bit point 0: 0.4s
zk_complete_add_1 256-bit point 4: 0.7s
zk_complete_add_1 256-bit point 2: 0.4s
zk_complete_add_1 256-bit point 3: 0.5s
zk_complete_add_1 256-bit point 0: 0.4s
zk_complete_add_1 256-bit point 1: 0.7s
zk_incomplete_add_2 256-bit point 3: 0.8s
zk_incomplete_add_2 256-bit point 2: 0.7s
zk_incomplete_add_2 256-bit point 1: 0.7s
zk_incomplete_add_2 256-bit point 0: 0.7s
zk_complete_add_5 256-bit point 6: 0.7s
zk_complete_add_5 256-bit point 5: 0.5s
zk_complete_add_5 256-bit point 4: 0.5s
zk_complete_add_5 256-bit point 3: 0.7s
zk_complete_add_5 256-bit point 0: 0.6s
zk_complete_add_5 256-bit point 2: 0.7s
zk_complete_add_5 256-bit point 1: 0.7s
zk_complete_add_3 256-bit point 5: 0.6s
zk_complete_add_3 256-bit point 6: 0.8s
zk_complete_add_3 256-bit point 4: 0.4s
zk_complete_add_3 256-bit point 2: 0.5s
zk_complete_add_3 256-bit point 3: 0.7s
zk_complete_add_3 256-bit point 1: 0.7s
zk_complete_add_3 256-bit point 0: 0.7s
zk_complete_add_6 256-bit point 6: 0.7s
zk_complete_add_6 256-bit point 5: 0.7s
zk_complete_add_6 256-bit point 4: 0.5s
zk_complete_add_6 256-bit point 3: 0.8s
zk_complete_add_6 256-bit point 1: 0.7s
zk_complete_add_6 256-bit point 2: 0.7s
zk_complete_add_4 256-bit point 6: 0.5s
zk_complete_add_6 256-bit point 0: 0.7s
zk_complete_add_4 256-bit point 5: 0.7s
zk_complete_add_4 256-bit point 4: 0.7s
zk_complete_add_4 256-bit point 3: 0.5s
zk_complete_add_4 256-bit point 2: 0.7s
zk_complete_add_4 256-bit point 1: 0.8s
zk_complete_add_4 256-bit point 0: 0.7s
zk_incomplete_add_1 256-bit point 4: 0.7s
zk_incomplete_add_1 256-bit point 3: 0.7s
zk_incomplete_add_1 256-bit point 1: 0.7s
zk_incomplete_add_1 256-bit point 2: 0.7s
zk_incomplete_add_1 256-bit point 0: 0.4s
WARM_REVERSE_DONE
zk_jellyfish_permcheck_hp 256-bit point 3: 3602.7s
zk_jellyfish_permcheck_hp 256-bit point 4: 4230.7s
zk_jellyfish_permcheck_hp 256-bit point 5: 4566.9s
zk_jellyfish_permcheck_hp 256-bit point 6: 5090.6s
